// Jest Snapshot v1, https://goo.gl/fbAQLP

exports[`Android BpkText should preserve user defined fontWeight 1`] = `
<Text
  accessible={true}
  allowFontScaling={true}
  disabled={false}
  ellipsizeMode="tail"
  style={
    Array [
      Object {
        "color": "rgb(82, 76, 97)",
        "fontFamily": "sans-serif-medium",
        "fontSize": 14,
        "fontWeight": undefined,
        "lineHeight": 24,
      },
      Object {},
      Object {
        "fontWeight": "900",
      },
    ]
  }
>
  Lorem ipsum dolor sit amet, consectetuer adipiscing elit. Aenean commodo ligula eget dolor. Aenean massa. Cum sociis natoque penatibus et magnis dis parturient montes, nascetur ridiculus mus.
</Text>
`;

exports[`Android BpkText should render correctly 1`] = `
<Text
  accessible={true}
  allowFontScaling={true}
  disabled={false}
  ellipsizeMode="tail"
  style={
    Array [
      Object {
        "color": "rgb(82, 76, 97)",
        "fontFamily": "sans-serif-medium",
        "fontSize": 14,
        "fontWeight": undefined,
        "lineHeight": 24,
      },
      Object {},
      Object {},
    ]
  }
>
  Lorem ipsum dolor sit amet, consectetuer adipiscing elit. Aenean commodo ligula eget dolor. Aenean massa. Cum sociis natoque penatibus et magnis dis parturient montes, nascetur ridiculus mus.
</Text>
`;

exports[`Android BpkText should render correctly with \`emphasize\` & \`textStyle\` equal to \`xxl\` 1`] = `
<Text
  accessible={true}
  allowFontScaling={true}
  disabled={false}
  ellipsizeMode="tail"
  style={
    Array [
      Object {
        "color": "rgb(82, 76, 97)",
        "fontFamily": "sans-serif",
        "fontSize": 24,
        "fontWeight": undefined,
        "lineHeight": 32,
      },
      Object {
        "fontWeight": "600",
      },
      Object {},
    ]
  }
>
  Lorem ipsum dolor sit amet, consectetuer adipiscing elit. Aenean commodo ligula eget dolor. Aenean massa. Cum sociis natoque penatibus et magnis dis parturient montes, nascetur ridiculus mus.
</Text>
`;

exports[`Android BpkText should render correctly with \`emphasize\` prop 1`] = `
<Text
  accessible={true}
  allowFontScaling={true}
  disabled={false}
  ellipsizeMode="tail"
  style={
    Array [
      Object {
        "color": "rgb(82, 76, 97)",
        "fontFamily": "sans-serif-medium",
        "fontSize": 14,
        "fontWeight": undefined,
        "lineHeight": 24,
      },
      Object {
        "fontWeight": "600",
      },
      Object {},
    ]
  }
>
  Lorem ipsum dolor sit amet, consectetuer adipiscing elit. Aenean commodo ligula eget dolor. Aenean massa. Cum sociis natoque penatibus et magnis dis parturient montes, nascetur ridiculus mus.
</Text>
`;

exports[`Android BpkText should render correctly with textStyle="base" 1`] = `
<Text
  accessible={true}
  allowFontScaling={true}
  disabled={false}
  ellipsizeMode="tail"
  style={
    Array [
      Object {
        "color": "rgb(82, 76, 97)",
        "fontFamily": "sans-serif-medium",
        "fontSize": 14,
        "fontWeight": undefined,
        "lineHeight": 24,
      },
      Object {},
      Object {},
    ]
  }
>
  Lorem ipsum dolor sit amet, consectetuer adipiscing elit. Aenean commodo ligula eget dolor. Aenean massa. Cum sociis natoque penatibus et magnis dis parturient montes, nascetur ridiculus mus.
</Text>
`;

exports[`Android BpkText should render correctly with textStyle="lg" 1`] = `
<Text
  accessible={true}
  allowFontScaling={true}
  disabled={false}
  ellipsizeMode="tail"
  style={
    Array [
      Object {
        "color": "rgb(82, 76, 97)",
        "fontFamily": "sans-serif",
        "fontSize": 16,
        "fontWeight": undefined,
        "lineHeight": 24,
      },
      Object {},
      Object {},
    ]
  }
>
  Lorem ipsum dolor sit amet, consectetuer adipiscing elit. Aenean commodo ligula eget dolor. Aenean massa. Cum sociis natoque penatibus et magnis dis parturient montes, nascetur ridiculus mus.
</Text>
`;

exports[`Android BpkText should render correctly with textStyle="sm" 1`] = `
<Text
  accessible={true}
  allowFontScaling={true}
  disabled={false}
  ellipsizeMode="tail"
  style={
    Array [
      Object {
        "color": "rgb(82, 76, 97)",
        "fontFamily": "sans-serif",
        "fontSize": 14,
        "fontWeight": undefined,
        "lineHeight": 20,
      },
      Object {},
      Object {},
    ]
  }
>
  Lorem ipsum dolor sit amet, consectetuer adipiscing elit. Aenean commodo ligula eget dolor. Aenean massa. Cum sociis natoque penatibus et magnis dis parturient montes, nascetur ridiculus mus.
</Text>
`;

exports[`Android BpkText should render correctly with textStyle="xl" 1`] = `
<Text
  accessible={true}
  allowFontScaling={true}
  disabled={false}
  ellipsizeMode="tail"
  style={
    Array [
      Object {
        "color": "rgb(82, 76, 97)",
        "fontFamily": "sans-serif-medium",
        "fontSize": 20,
        "fontWeight": undefined,
        "lineHeight": 28,
      },
      Object {},
      Object {},
    ]
  }
>
  Lorem ipsum dolor sit amet, consectetuer adipiscing elit. Aenean commodo ligula eget dolor. Aenean massa. Cum sociis natoque penatibus et magnis dis parturient montes, nascetur ridiculus mus.
</Text>
`;

exports[`Android BpkText should render correctly with textStyle="xs" 1`] = `
<Text
  accessible={true}
  allowFontScaling={true}
  disabled={false}
  ellipsizeMode="tail"
  style={
    Array [
      Object {
        "color": "rgb(82, 76, 97)",
        "fontFamily": "sans-serif",
        "fontSize": 12,
        "fontWeight": undefined,
        "lineHeight": 16,
      },
      Object {},
      Object {},
    ]
  }
>
  Lorem ipsum dolor sit amet, consectetuer adipiscing elit. Aenean commodo ligula eget dolor. Aenean massa. Cum sociis natoque penatibus et magnis dis parturient montes, nascetur ridiculus mus.
</Text>
`;

exports[`Android BpkText should render correctly with textStyle="xxl" 1`] = `
<Text
  accessible={true}
  allowFontScaling={true}
  disabled={false}
  ellipsizeMode="tail"
  style={
    Array [
      Object {
        "color": "rgb(82, 76, 97)",
        "fontFamily": "sans-serif",
        "fontSize": 24,
        "fontWeight": undefined,
        "lineHeight": 32,
      },
      Object {},
      Object {},
    ]
  }
>
  Lorem ipsum dolor sit amet, consectetuer adipiscing elit. Aenean commodo ligula eget dolor. Aenean massa. Cum sociis natoque penatibus et magnis dis parturient montes, nascetur ridiculus mus.
</Text>
`;

exports[`Android BpkText should support overwriting styles 1`] = `
<Text
  accessible={true}
  allowFontScaling={true}
  disabled={false}
  ellipsizeMode="tail"
  style={
    Array [
      Object {
        "color": "rgb(82, 76, 97)",
        "fontFamily": "sans-serif-medium",
        "fontSize": 14,
        "fontWeight": undefined,
        "lineHeight": 24,
      },
      Object {},
      Object {
        "color": "red",
      },
    ]
  }
>
  Lorem ipsum dolor sit amet, consectetuer adipiscing elit. Aenean commodo ligula eget dolor. Aenean massa. Cum sociis natoque penatibus et magnis dis parturient montes, nascetur ridiculus mus.
</Text>
`;
