// Jest Snapshot v1, https://goo.gl/fbAQLP

exports[`iOS BpkButton should render correctly 1`] = `
<View
  accessibilityComponentType="button"
  accessibilityLabel={undefined}
  accessibilityTraits={
    Array [
      "button",
    ]
  }
  accessible={true}
  collapsable={undefined}
  hitSlop={undefined}
  isTVSelectable={true}
  nativeID={undefined}
  onLayout={undefined}
  onResponderGrant={[Function]}
  onResponderMove={[Function]}
  onResponderRelease={[Function]}
  onResponderTerminate={[Function]}
  onResponderTerminationRequest={[Function]}
  onStartShouldSetResponder={[Function]}
  style={
    Object {
      "opacity": 1,
    }
  }
  testID={undefined}
  tvParallaxProperties={undefined}
>
  <View
    style={
      Array [
        Object {},
      ]
    }
  >
    <Text
      accessible={true}
      allowFontScaling={true}
      disabled={false}
      ellipsizeMode="tail"
      style={
        Array [
          Object {
            "color": "#007AFF",
            "fontSize": 18,
            "padding": 8,
            "textAlign": "center",
          },
        ]
      }
    >
      Lorem ipsum
    </Text>
  </View>
</View>
`;

exports[`iOS BpkButton should support overwriting styles 1`] = `
<View
  accessibilityComponentType="button"
  accessibilityLabel={undefined}
  accessibilityTraits={
    Array [
      "button",
    ]
  }
  accessible={true}
  collapsable={undefined}
  hitSlop={undefined}
  isTVSelectable={true}
  nativeID={undefined}
  onLayout={undefined}
  onResponderGrant={[Function]}
  onResponderMove={[Function]}
  onResponderRelease={[Function]}
  onResponderTerminate={[Function]}
  onResponderTerminationRequest={[Function]}
  onStartShouldSetResponder={[Function]}
  style={
    Object {
      "opacity": 1,
    }
  }
  testID={undefined}
  tvParallaxProperties={undefined}
>
  <View
    style={
      Array [
        Object {},
      ]
    }
  >
    <Text
      accessible={true}
      allowFontScaling={true}
      disabled={false}
      ellipsizeMode="tail"
      style={
        Array [
          Object {
            "color": "#007AFF",
            "fontSize": 18,
            "padding": 8,
            "textAlign": "center",
          },
        ]
      }
    >
      Lorem ipsum
    </Text>
  </View>
</View>
`;
